Starting DB connection test...
Connection successful!
Database version: ('PostgreSQL 17.6 on aarch64-unknown-linux-gnu, compiled by gcc (GCC) 13.2.0, 64-bit',)
